// Jest Snapshot v1, https://goo.gl/fbAQLP

exports[`Format Format 1`] = `"var foo = \\"bar\\""`;
